<html>
<body>
<pre>
<h1>礦ision Build Log</h1>
<h2>Tool Versions:</h2>
IDE-Version: μVision V5.34.0.0
Copyright (C) 2021 ARM Ltd and ARM Germany GmbH. All rights reserved.
License Information:  ,  , LIC=LSNXV-PQI77-2ZVW4-FAAQW-2NW0S-MAAYP
 
Tool Versions:
Toolchain:       MDK-ARM Plus  Version: 5.34.0.0
Toolchain Path:  D:\code IDE\keil\ARM\ARMCC\Bin
C Compiler:      Armcc.exe V5.06 update 7 (build 960)
Assembler:       Armasm.exe V5.06 update 7 (build 960)
Linker/Locator:  ArmLink.exe V5.06 update 7 (build 960)
Library Manager: ArmAr.exe V5.06 update 7 (build 960)
Hex Converter:   FromElf.exe V5.06 update 7 (build 960)
CPU DLL:         SARMCM3.DLL V5.34.0.0
Dialog DLL:      DCM.DLL V1.17.3.0
Target DLL:      STLink\ST-LINKIII-KEIL_SWO.dll V3.0.8.0
Dialog DLL:      TCM.DLL V1.48.0.0
 
<h2>Project:</h2>
F:\1-JOB-project\banlance-car\Software\blance car\USER\MPU6050.uvprojx
Project File Date:  02/10/2023

<h2>Output:</h2>
*** Using Compiler 'V5.06 update 7 (build 960)', folder: 'D:\code IDE\keil\ARM\ARMCC\Bin'
Rebuild target 'MPU6050'
assembling startup_stm32f10x_hd.s...
compiling core_cm3.c...
compiling stm32f10x_it.c...
compiling misc.c...
compiling system_stm32f10x.c...
compiling stm32f10x_adc.c...
compiling stm32f10x_bkp.c...
compiling main.c...
main.c(35): warning:  #177-D: variable "t"  was declared but never referenced
  	u16 t;  			//串口3专用
main.c(36): warning:  #177-D: variable "len"  was declared but never referenced
  	u16 len;	
main.c(37): warning:  #177-D: variable "times"  was declared but never referenced
  	u16 times=0;
main.c(38): warning:  #177-D: variable "dir"  was declared but never referenced
  	u8 dir=1;
main.c(39): warning:  #177-D: variable "tem"  was declared but never referenced
  	float tem;
main.c(40): warning:  #177-D: variable "led0pwmval"  was declared but never referenced
  	u16 led0pwmval=0; 
main.c(47): warning:  #550-D: variable "temp"  was set but never used
  	short temp;								//温度	
main.c: 7 warnings, 0 errors
compiling stm32f10x_can.c...
compiling stm32f10x_dbgmcu.c...
compiling stm32f10x_cec.c...
compiling stm32f10x_dac.c...
compiling stm32f10x_crc.c...
compiling stm32f10x_dma.c...
compiling stm32f10x_exti.c...
compiling stm32f10x_flash.c...
compiling stm32f10x_iwdg.c...
compiling stm32f10x_fsmc.c...
compiling stm32f10x_gpio.c...
compiling stm32f10x_i2c.c...
compiling stm32f10x_pwr.c...
compiling stm32f10x_rcc.c...
compiling stm32f10x_rtc.c...
compiling stm32f10x_sdio.c...
compiling stm32f10x_spi.c...
compiling stm32f10x_wwdg.c...
compiling stm32f10x_usart.c...
compiling delay.c...
compiling stm32f10x_tim.c...
compiling sys.c...
compiling mpuiic.c...
compiling usart.c...
compiling mpu6050.c...
compiling inv_mpu_dmp_motion_driver.c...
compiling olediic.c...
compiling oled.c...
compiling inv_mpu.c...
compiling uart.c...
compiling key.c...
compiling timer.c...
compiling led.c...
compiling beep.c...
compiling exti.c...
compiling encoder.c...
compiling adc.c...
compiling bsp_pid.c...
linking...
Program Size: Code=28530 RO-data=11518 RW-data=136 ZI-data=3040  
FromELF: creating hex file...
"..\OBJ\Template.axf" - 0 Error(s), 7 Warning(s).

<h2>Software Packages used:</h2>

Package Vendor: Keil
                http://www.keil.com/pack/Keil.STM32F1xx_DFP.2.3.0.pack
                Keil.STM32F1xx_DFP.2.3.0
                STMicroelectronics STM32F1 Series Device Support, Drivers and Examples

<h2>Collection of Component include folders:</h2>
  D:\code IDE\keil\Keil\STM32F1xx_DFP\2.3.0\Device\Include

<h2>Collection of Component Files used:</h2>
Build Time Elapsed:  00:00:05
</pre>
</body>
</html>
