<html>
<body>
<pre>
<h1>礦ision Build Log</h1>
<h2>Tool Versions:</h2>
IDE-Version: μVision V5.14.0.0
Copyright (C) 2015 ARM Ltd and ARM Germany GmbH. All rights reserved.
License Information: qiang jin, jinqiang, LIC=LSNXV-PDTSK-Y8KFK-ZN7U4-S94MF-RMGIL
 
Tool Versions:
Toolchain:       MDK-ARM Standard  Version: 5.14.0.0
Toolchain Path:  D:\a\keil5\ARM\ARMCC\Bin
C Compiler:      Armcc.exe V5.05 update 1 (build 106)
Assembler:       Armasm.exe V5.05 update 1 (build 106)
Linker/Locator:  ArmLink.exe V5.05 update 1 (build 106)
Library Manager: ArmAr.exe V5.05 update 1 (build 106)
Hex Converter:   FromElf.exe V5.05 update 1 (build 106)
CPU DLL:         SARMCM3.DLL V5.14.0.0
Dialog DLL:      DCM.DLL V1.13.1.0
Target DLL:      STLink\ST-LINKIII-KEIL_SWO.dll V2.0.14.0_KEIL
Dialog DLL:      TCM.DLL V1.14.4.0
 
<h2>Project:</h2>
C:\Users\金枪张辽\Desktop\实验13 准备加蓝牙版本\USER\MPU6050.uvprojx
Project File Date:  11/20/2021

<h2>Output:</h2>
Build target 'MPU6050'
compiling exti.c...
..\HARDWARE\EXTI\exti.c(116): warning:  #177-D: variable "Movement" was declared but never referenced
      static float Velocity,Encoder_Least,Encoder,Movement;
..\HARDWARE\EXTI\exti.c: 1 warning, 0 errors
linking...
Program Size: Code=30238 RO-data=11514 RW-data=280 ZI-data=3872  
FromELF: creating hex file...
"..\OBJ\Template.axf" - 0 Error(s), 1 Warning(s).

<h2>Collection of Component include folders:</h2>
  C:\Users\金枪张辽\Desktop\实验13 准备加蓝牙版本\USER\RTE
  D:\a\keil5\ARM\PACK\Keil\STM32F1xx_DFP\1.0.5\Device\Include

<h2>Collection of Component Files used:</h2>
</pre>
</body>
</html>
